PHPUnit 11.5.50 by Sebastian Bergmann and contributors.

Runtime:       PHP 8.3.30
Configuration: /var/www/phpunit.xml

E                                                                   1 / 1 (100%)

Time: 00:00.167, Memory: 30.00 MB

There was 1 error:

1) Tests\Feature\LaravelNyumon\Station3\PracticeTest::test_LaravelのデフォルトTOPページが表示される
Illuminate\Encryption\MissingAppKeyException: No application encryption key has been specified.

/var/www/vendor/laravel/framework/src/Illuminate/Encryption/EncryptionServiceProvider.php:83
/var/www/vendor/laravel/framework/src/Illuminate/Support/helpers.php:399
/var/www/vendor/laravel/framework/src/Illuminate/Encryption/EncryptionServiceProvider.php:81
/var/www/vendor/laravel/framework/src/Illuminate/Encryption/EncryptionServiceProvider.php:64
/var/www/vendor/laravel/framework/src/Illuminate/Encryption/EncryptionServiceProvider.php:32
/var/www/vendor/laravel/framework/src/Illuminate/Container/Container.php:952
/var/www/vendor/laravel/framework/src/Illuminate/Container/Container.php:832
/var/www/vendor/laravel/framework/src/Illuminate/Foundation/Application.php:1078
/var/www/vendor/laravel/framework/src/Illuminate/Container/Container.php:763
/var/www/vendor/laravel/framework/src/Illuminate/Foundation/Application.php:1058
/var/www/vendor/laravel/framework/src/Illuminate/Container/Container.php:1133
/var/www/vendor/laravel/framework/src/Illuminate/Container/Container.php:1043
/var/www/vendor/laravel/framework/src/Illuminate/Container/Container.php:994
/var/www/vendor/laravel/framework/src/Illuminate/Container/Container.php:832
/var/www/vendor/laravel/framework/src/Illuminate/Foundation/Application.php:1078
/var/www/vendor/laravel/framework/src/Illuminate/Container/Container.php:763
/var/www/vendor/laravel/framework/src/Illuminate/Foundation/Application.php:1058
/var/www/vendor/laravel/framework/src/Illuminate/Foundation/Http/Kernel.php:258
/var/www/vendor/laravel/framework/src/Illuminate/Foundation/Http/Kernel.php:216
/var/www/vendor/laravel/framework/src/Illuminate/Foundation/Testing/Concerns/MakesHttpRequests.php:611
/var/www/vendor/laravel/framework/src/Illuminate/Foundation/Testing/Concerns/MakesHttpRequests.php:368
/var/www/tests/Feature/LaravelNyumon/Station3/PracticeTest.php:15

ERRORS!
Tests: 1, Assertions: 0, Errors: 1.
